[31m(!) Failed to run dependency scan. Skipping dependency pre-bundling. Error: [31m  Failed to scan for dependencies from entries:
  C:/Users/smell/HotelSystem/index.html
C:/Users/smell/HotelSystem/pages/admin.html
C:/Users/smell/HotelSystem/pages/booking.html
C:/Users/smell/HotelSystem/pages/driver.html
C:/Users/smell/HotelSystem/pages/external_manager.html
C:/Users/smell/HotelSystem/pages/gardener.html
C:/Users/smell/HotelSystem/pages/internal_manager.html
C:/Users/smell/HotelSystem/pages/login.html
C:/Users/smell/HotelSystem/pages/maid.html
C:/Users/smell/HotelSystem/pages/minibar.html
C:/Users/smell/HotelSystem/pages/receptionist.html

  [31mBuild failed with 2 errors:

[31m[PARSE_ERROR] [0mUnexpected token
      [38;5;246m╭[0m[38;5;246m─[0m[38;5;246m[[0m js/manager.js:1250:1 [38;5;246m][0m
      [38;5;246m│[0m
 [38;5;246m1250 │[0m }[38;5;249m)[0m[38;5;249m;[0m
 [38;5;240m     │[0m ┬  
 [38;5;240m     │[0m ╰── 
[38;5;246m──────╯[0m

[31m[PARSE_ERROR] [0mExpected `,` or `)` but found `Identifier`
      [38;5;246m╭[0m[38;5;246m─[0m[38;5;246m[[0m js/admin.js:3362:3 [38;5;246m][0m
      [38;5;246m│[0m
 [38;5;246m3297 │[0m [38;5;249ma[0m[38;5;249mp[0m[38;5;249mp[0m[38;5;249mR[0m[38;5;249me[0m[38;5;249ma[0m[38;5;249md[0m[38;5;249my[0m[38;5;249m.[0m[38;5;249mt[0m[38;5;249mh[0m[38;5;249me[0m[38;5;249mn[0m([38;5;249mo[0m[38;5;249mk[0m[38;5;249m [0m[38;5;249m=[0m[38;5;249m>[0m[38;5;249m [0m[38;5;249m{[0m
 [38;5;240m     │[0m              ┬  
 [38;5;240m     │[0m              ╰── Opened here
 [38;5;240m     │[0m 
 [38;5;246m3362 │[0m [38;5;249m [0m[38;5;249m [0mwindow[38;5;249m.[0m[38;5;249ma[0m[38;5;249md[0m[38;5;249md[0m[38;5;249mE[0m[38;5;249mv[0m[38;5;249me[0m[38;5;249mn[0m[38;5;249mt[0m[38;5;249mL[0m[38;5;249mi[0m[38;5;249ms[0m[38;5;249mt[0m[38;5;249me[0m[38;5;249mn[0m[38;5;249me[0m[38;5;249mr[0m[38;5;249m([0m[38;5;249m'[0m[38;5;249mb[0m[38;5;249me[0m[38;5;249mf[0m[38;5;249mo[0m[38;5;249mr[0m[38;5;249me[0m[38;5;249mu[0m[38;5;249mn[0m[38;5;249ml[0m[38;5;249mo[0m[38;5;249ma[0m[38;5;249md[0m[38;5;249m'[0m[38;5;249m,[0m[38;5;249m [0m[38;5;249m([0m[38;5;249m)[0m[38;5;249m [0m[38;5;249m=[0m[38;5;249m>[0m[38;5;249m [0m[38;5;249m{[0m
 [38;5;240m     │[0m   ───┬──  
 [38;5;240m     │[0m      ╰──── `,` or `)` expected
[38;5;246m──────╯[0m

    at aggregateBindingErrorsIntoJsError (file:///C:/Users/smell/HotelSystem/node_modules/rolldown/dist/shared/error-CkdMJ9ps.mjs:48:18)
    at unwrapBindingResult (file:///C:/Users/smell/HotelSystem/node_modules/rolldown/dist/shared/error-CkdMJ9ps.mjs:18:128)
    at scan (file:///C:/Users/smell/HotelSystem/node_modules/rolldown/dist/experimental-index.mjs:176:3)
    at async Object.build (file:///C:/Users/smell/HotelSystem/node_modules/vite/dist/node/chunks/node.js:30826:3)
    at async scan (file:///C:/Users/smell/HotelSystem/node_modules/vite/dist/node/chunks/node.js:30771:4)
    at async file:///C:/Users/smell/HotelSystem/node_modules/vite/dist/node/chunks/node.js:23242:15[39m
