[2m9:14:43 μ.μ.[22m [36m[1m[vite][22m[39m [90m[2m(client)[22m[39m Re-optimizing dependencies because lockfile has changed

  [32m[1mVITE[22m v8.0.13[39m  [2mready in [0m[1m652[22m[2m[0m ms[22m

  [32m➜[39m  [1mLocal[22m:   [36mhttp://localhost:[1m5173[22m/[39m
  [32m➜[39m  [1mNetwork[22m: [36mhttp://192.168.1.190:[1m5173[22m/[39m
[2m9:28:46 μ.μ.[22m [36m[1m[vite][22m[39m [90m[2m(client)[22m[39m [32mpage reload [39m[2mplaywright-report/index.html[22m
[2m9:28:46 μ.μ.[22m [36m[1m[vite][22m[39m [90m[2m(client)[22m[39m [32mpage reload [39m[2mplaywright-report/index.html[22m
[2m9:29:48 μ.μ.[22m [36m[1m[vite][22m[39m [90m[2m(client)[22m[39m [32mpage reload [39m[2mplaywright-report/index.html[22m
[2m9:29:48 μ.μ.[22m [36m[1m[vite][22m[39m [90m[2m(client)[22m[39m [32mpage reload [39m[2mplaywright-report/index.html[22m
[2m9:52:22 μ.μ.[22m [36m[1m[vite][22m[39m [90m[2m(client)[22m[39m [32mpage reload [39m[2mplaywright-report/index.html[22m
[2m9:52:39 μ.μ.[22m [36m[1m[vite][22m[39m [90m[2m(client)[22m[39m [32mpage reload [39m[2mplaywright-report/index.html[22m
[2m9:52:59 μ.μ.[22m [36m[1m[vite][22m[39m [90m[2m(client)[22m[39m [32mpage reload [39m[2mplaywright-report/index.html[22m
[2m9:53:50 μ.μ.[22m [36m[1m[vite][22m[39m [90m[2m(client)[22m[39m [32mpage reload [39m[2mplaywright-report/index.html[22m
[2m9:54:23 μ.μ.[22m [36m[1m[vite][22m[39m [90m[2m(client)[22m[39m [32mpage reload [39m[2mplaywright-report/index.html[22m
[2m9:55:05 μ.μ.[22m [36m[1m[vite][22m[39m [90m[2m(client)[22m[39m [32mpage reload [39m[2mplaywright-report/index.html[22m
[2m9:55:58 μ.μ.[22m [36m[1m[vite][22m[39m [90m[2m(client)[22m[39m [32mpage reload [39m[2mplaywright-report/index.html[22m
[2m9:55:58 μ.μ.[22m [36m[1m[vite][22m[39m [90m[2m(client)[22m[39m [32mpage reload [39m[2mplaywright-report/index.html[22m
[2m10:01:12 μ.μ.[22m [36m[1m[vite][22m[39m [90m[2m(client)[22m[39m [32mpage reload [39m[2mplaywright-report/index.html[22m
[2m10:01:12 μ.μ.[22m [36m[1m[vite][22m[39m [90m[2m(client)[22m[39m [32mpage reload [39m[2mplaywright-report/index.html[22m
[2m10:06:16 μ.μ.[22m [36m[1m[vite][22m[39m [90m[2m(client)[22m[39m [32mpage reload [39m[2mplaywright-report/index.html[22m
[2m10:06:16 μ.μ.[22m [36m[1m[vite][22m[39m [90m[2m(client)[22m[39m [32mpage reload [39m[2mplaywright-report/index.html[22m
[2m10:06:16 μ.μ.[22m [36m[1m[vite][22m[39m [90m[2m(client)[22m[39m [32mpage reload [39m[2mplaywright-report/index.html[22m
[2m10:16:56 μ.μ.[22m [36m[1m[vite][22m[39m [90m[2m(client)[22m[39m [32mpage reload [39m[2mplaywright-report/index.html[22m
[2m10:16:56 μ.μ.[22m [36m[1m[vite][22m[39m [90m[2m(client)[22m[39m [32mpage reload [39m[2mplaywright-report/index.html[22m
[2m10:16:56 μ.μ.[22m [36m[1m[vite][22m[39m [90m[2m(client)[22m[39m [32mpage reload [39m[2mplaywright-report/index.html[22m
[2m10:23:01 μ.μ.[22m [36m[1m[vite][22m[39m [90m[2m(client)[22m[39m [32mpage reload [39m[2mplaywright-report/index.html[22m
[2m10:23:01 μ.μ.[22m [36m[1m[vite][22m[39m [90m[2m(client)[22m[39m [32mpage reload [39m[2mplaywright-report/index.html[22m
[2m10:23:01 μ.μ.[22m [36m[1m[vite][22m[39m [90m[2m(client)[22m[39m [32mpage reload [39m[2mplaywright-report/index.html[22m
[2m10:26:35 μ.μ.[22m [36m[1m[vite][22m[39m [90m[2m(client)[22m[39m [32mpage reload [39m[2mplaywright-report/index.html[22m
[2m10:26:35 μ.μ.[22m [36m[1m[vite][22m[39m [90m[2m(client)[22m[39m [32mpage reload [39m[2mplaywright-report/index.html[22m
[2m10:26:35 μ.μ.[22m [36m[1m[vite][22m[39m [90m[2m(client)[22m[39m [32mpage reload [39m[2mplaywright-report/index.html[22m
[2m10:29:31 μ.μ.[22m [36m[1m[vite][22m[39m [90m[2m(client)[22m[39m [32mpage reload [39m[2mplaywright-report/index.html[22m
[2m10:29:31 μ.μ.[22m [36m[1m[vite][22m[39m [90m[2m(client)[22m[39m [32mpage reload [39m[2mplaywright-report/index.html[22m
[2m10:29:31 μ.μ.[22m [36m[1m[vite][22m[39m [90m[2m(client)[22m[39m [32mpage reload [39m[2mplaywright-report/index.html[22m
[2m10:32:37 μ.μ.[22m [36m[1m[vite][22m[39m [90m[2m(client)[22m[39m [32mpage reload [39m[2mplaywright-report/index.html[22m
[2m10:32:37 μ.μ.[22m [36m[1m[vite][22m[39m [90m[2m(client)[22m[39m [32mpage reload [39m[2mplaywright-report/index.html[22m
[2m10:32:37 μ.μ.[22m [36m[1m[vite][22m[39m [90m[2m(client)[22m[39m [32mpage reload [39m[2mplaywright-report/index.html[22m
[2m10:41:46 μ.μ.[22m [36m[1m[vite][22m[39m [90m[2m(client)[22m[39m [32mpage reload [39m[2mpages/admin.html[22m
[2m10:45:20 μ.μ.[22m [36m[1m[vite][22m[39m [90m[2m(client)[22m[39m [32mpage reload [39m[2mplaywright-report/index.html[22m
[2m10:54:35 μ.μ.[22m [36m[1m[vite][22m[39m [90m[2m(client)[22m[39m [32mpage reload [39m[2mplaywright-report/index.html[22m
[2m10:54:35 μ.μ.[22m [36m[1m[vite][22m[39m [90m[2m(client)[22m[39m [32mpage reload [39m[2mplaywright-report/index.html[22m
[2m10:54:35 μ.μ.[22m [36m[1m[vite][22m[39m [90m[2m(client)[22m[39m [32mpage reload [39m[2mplaywright-report/index.html[22m
